
Running 1 test using 1 worker

[1A[2K[1/1] [chromium] › e2e/viz-check.spec.ts:17:9 › Visualizations-2 Data Verification › should verify data is populating in visualizations-2 tab
[1A[2K[2/1] (retries) [chromium] › e2e/viz-check.spec.ts:17:9 › Visualizations-2 Data Verification › should verify data is populating in visualizations-2 tab (retry #1)
[1A[2K  1) [chromium] › e2e/viz-check.spec.ts:17:9 › Visualizations-2 Data Verification › should verify data is populating in visualizations-2 tab 

    Error: [2mexpect([22m[31mlocator[39m[2m).[22mtoContainText[2m([22m[32mexpected[39m[2m)[22m failed

    Locator: locator('h1')
    Expected pattern: [32m/Ads Overview/i[39m
    Received string:  [31m"Executive Overview"[39m
    Timeout: 10000ms

    Call log:
    [2m  - Expect "toContainText" with timeout 10000ms[22m
    [2m  - waiting for locator('h1')[22m
    [2m    10 × locator resolved to <h1 class="text-3xl font-bold flex items-center gap-2">…</h1>[22m
    [2m       - unexpected value "Executive Overview"[22m


      21 |
      22 |         // Wait for page load
    > 23 |         await expect(page.locator('h1')).toContainText(/Ads Overview/i);
         |                                          ^
      24 |
      25 |         // Check for loading state to finish (if any)
      26 |         await page.waitForSelector('.loader', { state: 'detached', timeout: 30000 }).catch(() => { });
        at /Users/ashwin/Desktop/pca_agent copy/frontend/e2e/viz-check.spec.ts:23:42

    attachment #1: screenshot (image/png) ──────────────────────────────────────────────────────────
    test-results/viz-check-Visualizations-2-6bd99-ing-in-visualizations-2-tab-chromium/test-failed-1.png
    ────────────────────────────────────────────────────────────────────────────────────────────────

    attachment #2: video (video/webm) ──────────────────────────────────────────────────────────────
    test-results/viz-check-Visualizations-2-6bd99-ing-in-visualizations-2-tab-chromium/video.webm
    ────────────────────────────────────────────────────────────────────────────────────────────────

    Error Context: test-results/viz-check-Visualizations-2-6bd99-ing-in-visualizations-2-tab-chromium/error-context.md

    Retry #1 ───────────────────────────────────────────────────────────────────────────────────────

    Error: [2mexpect([22m[31mlocator[39m[2m).[22mtoContainText[2m([22m[32mexpected[39m[2m)[22m failed

    Locator: locator('h1')
    Expected pattern: [32m/Ads Overview/i[39m
    Received string:  [31m"Executive Overview"[39m
    Timeout: 10000ms

    Call log:
    [2m  - Expect "toContainText" with timeout 10000ms[22m
    [2m  - waiting for locator('h1')[22m
    [2m    10 × locator resolved to <h1 class="text-3xl font-bold flex items-center gap-2">…</h1>[22m
    [2m       - unexpected value "Executive Overview"[22m


      21 |
      22 |         // Wait for page load
    > 23 |         await expect(page.locator('h1')).toContainText(/Ads Overview/i);
         |                                          ^
      24 |
      25 |         // Check for loading state to finish (if any)
      26 |         await page.waitForSelector('.loader', { state: 'detached', timeout: 30000 }).catch(() => { });
        at /Users/ashwin/Desktop/pca_agent copy/frontend/e2e/viz-check.spec.ts:23:42

    attachment #1: screenshot (image/png) ──────────────────────────────────────────────────────────
    test-results/viz-check-Visualizations-2-6bd99-ing-in-visualizations-2-tab-chromium-retry1/test-failed-1.png
    ────────────────────────────────────────────────────────────────────────────────────────────────

    attachment #2: video (video/webm) ──────────────────────────────────────────────────────────────
    test-results/viz-check-Visualizations-2-6bd99-ing-in-visualizations-2-tab-chromium-retry1/video.webm
    ────────────────────────────────────────────────────────────────────────────────────────────────

    Error Context: test-results/viz-check-Visualizations-2-6bd99-ing-in-visualizations-2-tab-chromium-retry1/error-context.md

    attachment #4: trace (application/zip) ─────────────────────────────────────────────────────────
    test-results/viz-check-Visualizations-2-6bd99-ing-in-visualizations-2-tab-chromium-retry1/trace.zip
    Usage:

        npx playwright show-trace test-results/viz-check-Visualizations-2-6bd99-ing-in-visualizations-2-tab-chromium-retry1/trace.zip

    ────────────────────────────────────────────────────────────────────────────────────────────────


[1A[2K  1 failed
    [chromium] › e2e/viz-check.spec.ts:17:9 › Visualizations-2 Data Verification › should verify data is populating in visualizations-2 tab 

[36m  Serving HTML report at http://localhost:52056. Press Ctrl+C to quit.[39m
